10000[0m
[0;32mI (184) boot: Disabling RNG early entropy soï¿½ets Jun  8 2016 00:22:57

rst:0x1 (POWERON_RESET),boot:0x13 (SPI_FAST_FLASH_BOOT)
configsip: 0, SPIWP:0xee
clk_drv:0x00,q_drv:0x00,d_drv:0x00,cs0_drv:0x00,hd_drv:0x00,wp_drv:0x00
mode:DIO, clock div:2
load:0x3fff0030,len:7172
load:0x40078000,len:15556
load:0x40080400,len:4
ho 8 tail 4 room 4
load:0x40080404,len:3904
entry 0x40080640
[0;32mI (31) boot: ESP-IDF v5.3-dev-1353-gb3f7e2c8a4 2nd stage bootloader[0m
[0;32mI (31) boot: compile time Jan 11 2024 16:16:44[0m
[0;32mI (33) boot: Multicore bootloader[0m
[0;32mI (37) boot: chip revision: v1.0[0m
[0;32mI (41) boot.esp32: SPI Speed      : 40MHz[0m
[0;32mI (45) boot.esp32: SPI Mode       : DIO[0m
[0;32mI (50) boot.esp32: SPI Flash Size : 2MB[0m
[0;32mI (54) boot: Enabling RNG early entropy source...[0m
[0;32mI (60) boot: Partition Table:[0m
[0;32mI (63) boot: ## Label            Usage          Type ST Offset   Length[0m
[0;32mI (71) boot:  0 nvs              WiFi data        01 02 00009000 00006000[0m
[0;32mI (78) boot:  1 phy_init         RF data          01 01 0000f000 00001000[0m
[0;32mI (85) boot:  2 factory          factory app      00 00 00010000 00100000[0m
[0;32mI (93) boot: End of partition table[0m
[0;32mI (97) esp_image: segment 0: paddr=00010020 vaddr=3f400020 size=0a0c8h ( 41160) map[0m
[0;32mI (120) esp_image: segment 1: paddr=0001a0f0 vaddr=3ffb0000 size=02268h (  8808) load[0m
[0;32mI (123) esp_image: segment 2: paddr=0001c360 vaddr=40080000 size=03cb8h ( 15544) load[0m
[0;32mI (132) esp_image: segment 3: paddr=00020020 vaddr=400d0020 size=14920h ( 84256) map[0m
[0;32mI (163) esp_image: segment 4: paddr=00034948 vaddr=40083cb8 size=08af0h ( 35568) load[0m
[0;32mI (183) boot: Loaded app from partition at offset 0x10000[0m
[0;32mI (183) boot: Disabling RNG early entropy source...[0m
[0;32mI (195) cpu_start: Multicore app[0m
[0;32mI (204) cpu_start: Pro cpu start user code[0m
[0;32mI (204) cpu_start: cpu freq: 160000000 Hz[0m
[0;32mI (204) cpu_start: Application information:[0m
[0;32mI (207) cpu_start: Project name:     blink-iled[0m
[0;32mI (212) cpu_start: App version:      1[0m
[0;32mI (216) cpu_start: Compile time:     Jan 11 2024 16:16:41[0m
[0;32mI (223) cpu_start: ELF file SHA256:  b57b77df6...[0m
[0;32mI (228) cpu_start: ESP-IDF:          v5.3-dev-1353-gb3f7e2c8a4[0m
[0;32mI (234) cpu_start: Min chip rev:     v0.0[0m
[0;32mI (239) cpu_start: Max chip rev:     v3.99 [0m
[0;32mI (244) cpu_start: Chip rev:         v1.0[0m
[0;32mI (249) heap_init: Initializing. RAM available for dynamic allocation:[0m
[0;32mI (256) heap_init: At 3FFAE6E0 len 00001920 (6 KiB): DRAM[0m
[0;32mI (262) heap_init: At 3FFB2B30 len 0002D4D0 (181 KiB): DRAM[0m
[0;32mI (268) heap_init: At 3FFE0440 len 00003AE0 (14 KiB): D/IRAM[0m
[0;32mI (274) heap_init: At 3FFE4350 len 0001BCB0 (111 KiB): D/IRAM[0m
[0;32mI (281) heap_init: At 4008C7A8 len 00013858 (78 KiB): IRAM[0m
[0;32mI (289) spi_flash: detected chip: gd[0m
[0;32mI (291) spi_flash: flash io: dio[0m
[0;33mW (295) spi_flash: Detected size(4096k) larger than the size in the binary image header(2048k). Using the size in the binary image header.[0m
[0;32mI (309) main_task: Started on CPU0[0m
[0;32mI (319) main_task: Calling app_main()[0m
[0;32mI (319) main: Hello, ESP32 starting up!
[0m
[0;32mI (319) gpio: GPIO[2]| InputEn: 0| OutputEn: 0| OpenDrain: 0| Pullup: 1| Pulldown: 0| Intr:0 [0m
[0;32mI (329) main: Setting led ON[0m
[0;32mI (1329) main: Setting led OFF[0m
[0;32mI (2329) main: Setting led ON[0m
[0;32mI (3329) main: Setting led OFF[0m
[0;32mI (4329) main: Setting led ON[0m
[0;32mI (5329) main: Setting led OFF[0m
[0;32mI (6329) main: Setting led ON[0m
[0;32mI (7329) main: Setting led OFF[0m
[0;32mI (8329) main: Setting led ON[0m
[0;32mI (9329) main: Setting led OFF[0m
[0;32mI (10329) main: Setting led ON[0m
[0;32mI (11329) main: Setting led OFF[0m
[0;32mI (12329) main: Setting led ON[0m
[0;32mI (13329) main: Setting led OFF[0m
[0;32mI (14329) main: Setting led ON[0m
[0;32mI (15329) main: Setting led OFF[0m
[0;32mI (16329) main: Setting led ON[0m
[0;32mI (17329) main: Setting led OFF[0m
[0;32mI (18329) main: Setting led ON[0m
[0;32mI (19329) main: Setting led OFF[0m
[0;32mI (20329) main: Setting led ON[0m
[0;32mI (21329) main: Setting led OFF[0m
[0;32mI (22329) main: Setting led ON[0m
